
> animekatana@0.0.1 check
> astro check --minimumFailingSeverity error

[2m17:54:26[22m [34m[@astrojs/node][39m Enabling sessions with filesystem storage
[33m[1m17:54:26[22m [WARN] [vite][39m [36m[plugin:vite-plugin-qwik] [39m[33mcontext method [1memitFile()[22m is not supported in serve mode. This plugin is likely not vite-compatible.[39m
[2m17:54:26[22m [34m[content][39m Syncing content
[2m17:54:26[22m [34m[content][39m Synced content
[2m17:54:26[22m [34m[types][39m Generated [2m45ms[22m
[2m17:54:26[22m [34m[check][39m Getting diagnostics for Astro files in C:\Users\shariq\Documents\Code\clones\animekatana...
[96msrc/lib/anilist/types.ts[0m:[93m4[0m:[93m1[0m - [93mwarning[0m[90m ts(6192): [0mAll imports in import declaration are unused.

[7m4[0m import type { Anime, PaginatedResponse } from '../types';
[7m [0m [93m~~~~~~~~~~~~~~~~~~~~~~~~~~~~~~~~~~~~~~~~~~~~~~~~~~~~~~~~~[0m

[96msrc/lib/anisource/types.ts[0m:[93m1[0m:[93m1[0m - [93mwarning[0m[90m ts(6192): [0mAll imports in import declaration are unused.

[7m1[0m import type { Anime, Episode, Server, Stream } from '../types';
[7m [0m [93m~~~~~~~~~~~~~~~~~~~~~~~~~~~~~~~~~~~~~~~~~~~~~~~~~~~~~~~~~~~~~~~[0m

[96msrc/pages/schedule.astro[0m:[93m41[0m:[93m33[0m - [91merror[0m[90m ts(7006): [0mParameter 'item' implicitly has an 'any' type.

[7m41[0m                 {dailyAnime.map(item => (
[7m  [0m [91m                                ~~~~[0m
[96msrc/pages/schedule.astro[0m:[93m36[0m:[93m48[0m - [91merror[0m[90m ts(7006): [0mParameter 'i' implicitly has an 'any' type.

[7m36[0m           const dailyAnime = data.items.filter(i => i.airingAt === airingAt);
[7m  [0m [91m                                               ~[0m
[96msrc/pages/schedule.astro[0m:[93m35[0m:[93m36[0m - [91merror[0m[90m ts(18046): [0m'airingAt' is of type 'unknown'.

[7m35[0m           const dateStr = new Date(airingAt * 1000).toLocaleDateString('en-US', { weekday: 'long', month: 'long', day: 'numeric' });
[7m  [0m [91m                                   ~~~~~~~~[0m
[96msrc/pages/schedule.astro[0m:[93m34[0m:[93m44[0m - [91merror[0m[90m ts(7006): [0mParameter 'i' implicitly has an 'any' type.

[7m34[0m         {Array.from(new Set(data.items.map(i => i.airingAt))).sort().map(airingAt => {
[7m  [0m [91m                                           ~[0m
[96msrc/pages/schedule.astro[0m:[93m4[0m:[93m23[0m - [93mwarning[0m[90m ts(6133): [0m'date' is declared but its value is never read.

[7m4[0m import { getSchedule, date } from '../lib/anilist/client';
[7m [0m [93m                      ~~~~[0m
[96msrc/pages/schedule.astro[0m:[93m3[0m:[93m1[0m - [93mwarning[0m[90m ts(6133): [0m'AnimeSection' is declared but its value is never read.

[7m3[0m import AnimeSection from '../components/content/AnimeSection.astro';
[7m [0m [93m~~~~~~~~~~~~~~~~~~~~~~~~~~~~~~~~~~~~~~~~~~~~~~~~~~~~~~~~~~~~~~~~~~~~[0m

[96msrc/pages/anime/[id]/[slug].astro[0m:[93m94[0m:[93m49[0m - [91merror[0m[90m ts(7031): [0mBinding element 'relationType' implicitly has an 'any' type.

[7m94[0m             {raw.relations?.edges?.map(({ node, relationType }) => (
[7m  [0m [91m                                                ~~~~~~~~~~~~[0m
[96msrc/pages/anime/[id]/[slug].astro[0m:[93m94[0m:[93m43[0m - [91merror[0m[90m ts(7031): [0mBinding element 'node' implicitly has an 'any' type.

[7m94[0m             {raw.relations?.edges?.map(({ node, relationType }) => (
[7m  [0m [91m                                          ~~~~[0m
[96msrc/pages/anime/[id]/[slug].astro[0m:[93m86[0m:[93m65[0m - [91merror[0m[90m ts(7006): [0mParameter 'p' implicitly has an 'any' type.

[7m86[0m               {anime.producers.length > 0 ? anime.producers.map(p => <li class="text-gray-600">{p}</li>) : <li class="text-gray-400 italic">Unknown</li>}
[7m  [0m [91m                                                                ~[0m
[96msrc/pages/anime/[id]/[slug].astro[0m:[93m80[0m:[93m61[0m - [91merror[0m[90m ts(7006): [0mParameter 's' implicitly has an 'any' type.

[7m80[0m               {anime.studios.length > 0 ? anime.studios.map(s => <li class="text-gray-600">{s}</li>) : <li class="text-gray-400 italic">Unknown</li>}
[7m  [0m [91m                                                            ~[0m
[96msrc/pages/anime/[id]/[slug].astro[0m:[93m65[0m:[93m31[0m - [91merror[0m[90m ts(7006): [0mParameter 'g' implicitly has an 'any' type.

[7m65[0m             {anime.genres.map(g => <span class="rounded-full bg-parchment-100 px-3 py-1 text-xs font-semibold text-gray-600">{g}</span>)}
[7m  [0m [91m                              ~[0m
[96msrc/pages/anime/[id]/[slug].astro[0m:[93m3[0m:[93m26[0m - [91merror[0m[90m ts(2307): [0mCannot find module '../../../../lib/anilist/client' or its corresponding type declarations.

[7m3[0m import { getAnime } from '../../../../lib/anilist/client';
[7m [0m [91m                         ~~~~~~~~~~~~~~~~~~~~~~~~~~~~~~~~[0m
[96msrc/pages/anime/[id]/[slug].astro[0m:[93m2[0m:[93m20[0m - [91merror[0m[90m ts(2307): [0mCannot find module '../../../../layouts/Layout.astro' or its corresponding type declarations.

[7m2[0m import Layout from '../../../../layouts/Layout.astro';
[7m [0m [91m                   ~~~~~~~~~~~~~~~~~~~~~~~~~~~~~~~~~~[0m
[96msrc/pages/anime/[id]/[slug].astro[0m:[93m9[0m:[93m5[0m - [93mwarning[0m[90m ts(6133): [0m'error' is declared but its value is never read.

[7m9[0m let error: string | null = null;
[7m [0m [93m    ~~~~~[0m
[96msrc/pages/anime/[id]/[slug].astro[0m:[93m5[0m:[93m13[0m - [93mwarning[0m[90m ts(6133): [0m'slug' is declared but its value is never read.

[7m5[0m const { id, slug } = Astro.params;
[7m [0m [93m            ~~~~[0m

[96msrc/pages/anime/[id]/[slug]/characters.astro[0m:[93m51[0m:[93m32[0m - [91merror[0m[90m ts(2322): [0mType '{ children: any[]; key: any; class: string; }' is not assignable to type 'HTMLAttributes'.
  Property 'key' does not exist on type 'HTMLAttributes'.

[7m51[0m                           <div key={va.id} class="flex items-center gap-2">
[7m  [0m [91m                               ~~~[0m
[96msrc/pages/anime/[id]/[slug]/characters.astro[0m:[93m50[0m:[93m42[0m - [91merror[0m[90m ts(7006): [0mParameter 'va' implicitly has an 'any' type.

[7m50[0m                         {voiceActors.map(va => (
[7m  [0m [91m                                         ~~[0m
[96msrc/pages/anime/[id]/[slug]/characters.astro[0m:[93m39[0m:[93m54[0m - [91merror[0m[90m ts(7031): [0mBinding element 'voiceActors' implicitly has an 'any' type.

[7m39[0m             {raw.characters.edges.map(({ role, node, voiceActors }) => (
[7m  [0m [91m                                                     ~~~~~~~~~~~[0m
[96msrc/pages/anime/[id]/[slug]/characters.astro[0m:[93m39[0m:[93m48[0m - [91merror[0m[90m ts(7031): [0mBinding element 'node' implicitly has an 'any' type.

[7m39[0m             {raw.characters.edges.map(({ role, node, voiceActors }) => (
[7m  [0m [91m                                               ~~~~[0m
[96msrc/pages/anime/[id]/[slug]/characters.astro[0m:[93m39[0m:[93m42[0m - [91merror[0m[90m ts(7031): [0mBinding element 'role' implicitly has an 'any' type.

[7m39[0m             {raw.characters.edges.map(({ role, node, voiceActors }) => (
[7m  [0m [91m                                         ~~~~[0m
[96msrc/pages/anime/[id]/[slug]/characters.astro[0m:[93m9[0m:[93m5[0m - [93mwarning[0m[90m ts(6133): [0m'error' is declared but its value is never read.

[7m9[0m let error: string | null = null;
[7m [0m [93m    ~~~~~[0m
[96msrc/pages/anime/[id]/[slug]/characters.astro[0m:[93m5[0m:[93m13[0m - [93mwarning[0m[90m ts(6133): [0m'slug' is declared but its value is never read.

[7m5[0m const { id, slug } = Astro.params;
[7m [0m [93m            ~~~~[0m

[96msrc/pages/anime/[id]/[slug]/recommendations.astro[0m:[93m39[0m:[93m68[0m - [91merror[0m[90m ts(7031): [0mBinding element 'node' implicitly has an 'any' type.

[7m39[0m             {raw.recommendations.nodes.map(({ mediaRecommendation: node }) => (
[7m  [0m [91m                                                                   ~~~~[0m
[96msrc/pages/anime/[id]/[slug]/recommendations.astro[0m:[93m9[0m:[93m5[0m - [93mwarning[0m[90m ts(6133): [0m'error' is declared but its value is never read.

[7m9[0m let error: string | null = null;
[7m [0m [93m    ~~~~~[0m
[96msrc/pages/anime/[id]/[slug]/recommendations.astro[0m:[93m5[0m:[93m13[0m - [93mwarning[0m[90m ts(6133): [0m'slug' is declared but its value is never read.

[7m5[0m const { id, slug } = Astro.params;
[7m [0m [93m            ~~~~[0m

[96msrc/pages/anime/[id]/[slug]/staff.astro[0m:[93m40[0m:[93m20[0m - [91merror[0m[90m ts(2322): [0mType '{ children: any[]; key: any; class: string; }' is not assignable to type 'HTMLAttributes'.
  Property 'key' does not exist on type 'HTMLAttributes'.

[7m40[0m               <div key={node.id} class="flex items-start gap-4">
[7m  [0m [91m                   ~~~[0m
[96msrc/pages/anime/[id]/[slug]/staff.astro[0m:[93m39[0m:[93m43[0m - [91merror[0m[90m ts(7031): [0mBinding element 'node' implicitly has an 'any' type.

[7m39[0m             {raw.staff.edges.map(({ role, node }) => (
[7m  [0m [91m                                          ~~~~[0m
[96msrc/pages/anime/[id]/[slug]/staff.astro[0m:[93m39[0m:[93m37[0m - [91merror[0m[90m ts(7031): [0mBinding element 'role' implicitly has an 'any' type.

[7m39[0m             {raw.staff.edges.map(({ role, node }) => (
[7m  [0m [91m                                    ~~~~[0m
[96msrc/pages/anime/[id]/[slug]/staff.astro[0m:[93m9[0m:[93m5[0m - [93mwarning[0m[90m ts(6133): [0m'error' is declared but its value is never read.

[7m9[0m let error: string | null = null;
[7m [0m [93m    ~~~~~[0m
[96msrc/pages/anime/[id]/[slug]/staff.astro[0m:[93m5[0m:[93m13[0m - [93mwarning[0m[90m ts(6133): [0m'slug' is declared but its value is never read.

[7m5[0m const { id, slug } = Astro.params;
[7m [0m [93m            ~~~~[0m

[96msrc/pages/anime/[id]/[slug]/stats.astro[0m:[93m54[0m:[93m22[0m - [91merror[0m[90m ts(2322): [0mType '{ children: any[]; key: any; class: string; }' is not assignable to type 'HTMLAttributes'.
  Property 'key' does not exist on type 'HTMLAttributes'.

[7m54[0m                 <div key={status} class="flex items-start gap-4 mt-2">
[7m  [0m [91m                     ~~~[0m
[96msrc/pages/anime/[id]/[slug]/stats.astro[0m:[93m53[0m:[93m60[0m - [91merror[0m[90m ts(7031): [0mBinding element 'amount' implicitly has an 'any' type.

[7m53[0m               {raw.stats.statusDistribution.map(({ status, amount }) => (
[7m  [0m [91m                                                           ~~~~~~[0m
[96msrc/pages/anime/[id]/[slug]/stats.astro[0m:[93m53[0m:[93m52[0m - [91merror[0m[90m ts(7031): [0mBinding element 'status' implicitly has an 'any' type.

[7m53[0m               {raw.stats.statusDistribution.map(({ status, amount }) => (
[7m  [0m [91m                                                   ~~~~~~[0m
[96msrc/pages/anime/[id]/[slug]/stats.astro[0m:[93m42[0m:[93m22[0m - [91merror[0m[90m ts(2322): [0mType '{ children: any[]; key: any; class: string; }' is not assignable to type 'HTMLAttributes'.
  Property 'key' does not exist on type 'HTMLAttributes'.

[7m42[0m                 <div key={score} class="flex items-center gap-2 mt-2">
[7m  [0m [91m                     ~~~[0m
[96msrc/pages/anime/[id]/[slug]/stats.astro[0m:[93m41[0m:[93m58[0m - [91merror[0m[90m ts(7031): [0mBinding element 'amount' implicitly has an 'any' type.

[7m41[0m               {raw.stats.scoreDistribution.map(({ score, amount }) => (
[7m  [0m [91m                                                         ~~~~~~[0m
[96msrc/pages/anime/[id]/[slug]/stats.astro[0m:[93m41[0m:[93m51[0m - [91merror[0m[90m ts(7031): [0mBinding element 'score' implicitly has an 'any' type.

[7m41[0m               {raw.stats.scoreDistribution.map(({ score, amount }) => (
[7m  [0m [91m                                                  ~~~~~[0m
[96msrc/pages/anime/[id]/[slug]/stats.astro[0m:[93m9[0m:[93m5[0m - [93mwarning[0m[90m ts(6133): [0m'error' is declared but its value is never read.

[7m9[0m let error: string | null = null;
[7m [0m [93m    ~~~~~[0m
[96msrc/pages/anime/[id]/[slug]/stats.astro[0m:[93m5[0m:[93m13[0m - [93mwarning[0m[90m ts(6133): [0m'slug' is declared but its value is never read.

[7m5[0m const { id, slug } = Astro.params;
[7m [0m [93m            ~~~~[0m

[96msrc/pages/anime/[id]/[slug]/trailers.astro[0m:[93m59[0m:[93m22[0m - [91merror[0m[90m ts(2322): [0mType 'unknown' is not assignable to type 'string | URL | null | undefined'.

[7m59[0m                   <a href={url} target="_blank" rel="noopener noreferrer" class="text-sm text-gray-600 hover:text-evergreen-700 underline">{url}</a>
[7m  [0m [91m                     ~~~~[0m
[96msrc/pages/anime/[id]/[slug]/trailers.astro[0m:[93m57[0m:[93m22[0m - [91merror[0m[90m ts(2322): [0mType '{ children: any[]; key: string; class: string; }' is not assignable to type 'HTMLAttributes'.
  Property 'key' does not exist on type 'HTMLAttributes'.

[7m57[0m                 <div key={site} class="flex items-start gap-3">
[7m  [0m [91m                     ~~~[0m
[96msrc/pages/anime/[id]/[slug]/trailers.astro[0m:[93m45[0m:[93m15[0m - [91merror[0m[90m ts(2322): [0mType '{ class: string; src: string; title: string; frameborder: string; allow: string; allowFullScreen: true; }' is not assignable to type 'IframeHTMLAttributes'.
  Property 'allowFullScreen' does not exist on type 'IframeHTMLAttributes'. Did you mean 'allowfullscreen'?

[7m45[0m               allowFullScreen
[7m  [0m [91m              ~~~~~~~~~~~~~~~[0m
[96msrc/pages/anime/[id]/[slug]/trailers.astro[0m:[93m43[0m:[93m15[0m - [93mwarning[0m[90m ts(6385): [0m'frameborder' is deprecated.

[7m43[0m               frameborder="0"
[7m  [0m [93m              ~~~~~~~~~~~[0m
[96msrc/pages/anime/[id]/[slug]/trailers.astro[0m:[93m9[0m:[93m5[0m - [93mwarning[0m[90m ts(6133): [0m'error' is declared but its value is never read.

[7m9[0m let error: string | null = null;
[7m [0m [93m    ~~~~~[0m
[96msrc/pages/anime/[id]/[slug]/trailers.astro[0m:[93m5[0m:[93m13[0m - [93mwarning[0m[90m ts(6133): [0m'slug' is declared but its value is never read.

[7m5[0m const { id, slug } = Astro.params;
[7m [0m [93m            ~~~~[0m

Result (40 files): 
- 29 errors
- 0 warnings
- 17 hints

